// Jest Snapshot v1, https://goo.gl/fbAQLP

exports[`<Header /> should match snapshot 1`] = `
ShallowWrapper {
  "length": 1,
  Symbol(enzyme.__root__): [Circular],
  Symbol(enzyme.__unrendered__): <Header />,
  Symbol(enzyme.__renderer__): Object {
    "batchedUpdates": [Function],
    "getNode": [Function],
    "render": [Function],
    "simulateEvent": [Function],
    "unmount": [Function],
  },
  Symbol(enzyme.__node__): Object {
    "instance": null,
    "key": undefined,
    "nodeType": "host",
    "props": Object {
      "children": Array [
        <Nav />,
        <div
          id="header-content-container"
        >
          <div
            id="header-avatar"
          >
            <img
              alt="Circle image of middle aged man smiling on opaque palm tree gradient background."
              sizes="(max-width: 630px) 150px, 250px"
              src="http://res.cloudinary.com/makeshift3ds/image/upload/makeshift-header-avatar_omdbug.jpg"
              srcSet=" http://res.cloudinary.com/makeshift3ds/image/upload/w_150/makeshift-header-avatar_omdbug.jpg 150w, http://res.cloudinary.com/makeshift3ds/image/upload/w_250/makeshift-header-avatar_omdbug.jpg 250w"
            />
          </div>
          <div
            className="header-content"
          >
            Full Stack Engineer / Designer
          </div>
        </div>,
      ],
    },
    "ref": null,
    "rendered": Array [
      Object {
        "instance": null,
        "key": undefined,
        "nodeType": "function",
        "props": Object {},
        "ref": null,
        "rendered": null,
        "type": [Function],
      },
      Object {
        "instance": null,
        "key": undefined,
        "nodeType": "host",
        "props": Object {
          "children": Array [
            <div
              id="header-avatar"
            >
              <img
                alt="Circle image of middle aged man smiling on opaque palm tree gradient background."
                sizes="(max-width: 630px) 150px, 250px"
                src="http://res.cloudinary.com/makeshift3ds/image/upload/makeshift-header-avatar_omdbug.jpg"
                srcSet=" http://res.cloudinary.com/makeshift3ds/image/upload/w_150/makeshift-header-avatar_omdbug.jpg 150w, http://res.cloudinary.com/makeshift3ds/image/upload/w_250/makeshift-header-avatar_omdbug.jpg 250w"
              />
            </div>,
            <div
              className="header-content"
            >
              Full Stack Engineer / Designer
            </div>,
          ],
          "id": "header-content-container",
        },
        "ref": null,
        "rendered": Array [
          Object {
            "instance": null,
            "key": undefined,
            "nodeType": "host",
            "props": Object {
              "children": <img
                alt="Circle image of middle aged man smiling on opaque palm tree gradient background."
                sizes="(max-width: 630px) 150px, 250px"
                src="http://res.cloudinary.com/makeshift3ds/image/upload/makeshift-header-avatar_omdbug.jpg"
                srcSet=" http://res.cloudinary.com/makeshift3ds/image/upload/w_150/makeshift-header-avatar_omdbug.jpg 150w, http://res.cloudinary.com/makeshift3ds/image/upload/w_250/makeshift-header-avatar_omdbug.jpg 250w"
              />,
              "id": "header-avatar",
            },
            "ref": null,
            "rendered": Object {
              "instance": null,
              "key": undefined,
              "nodeType": "host",
              "props": Object {
                "alt": "Circle image of middle aged man smiling on opaque palm tree gradient background.",
                "sizes": "(max-width: 630px) 150px, 250px",
                "src": "http://res.cloudinary.com/makeshift3ds/image/upload/makeshift-header-avatar_omdbug.jpg",
                "srcSet": " http://res.cloudinary.com/makeshift3ds/image/upload/w_150/makeshift-header-avatar_omdbug.jpg 150w, http://res.cloudinary.com/makeshift3ds/image/upload/w_250/makeshift-header-avatar_omdbug.jpg 250w",
              },
              "ref": null,
              "rendered": null,
              "type": "img",
            },
            "type": "div",
          },
          Object {
            "instance": null,
            "key": undefined,
            "nodeType": "host",
            "props": Object {
              "children": "Full Stack Engineer / Designer",
              "className": "header-content",
            },
            "ref": null,
            "rendered": "Full Stack Engineer / Designer",
            "type": "div",
          },
        ],
        "type": "div",
      },
    ],
    "type": "header",
  },
  Symbol(enzyme.__nodes__): Array [
    Object {
      "instance": null,
      "key": undefined,
      "nodeType": "host",
      "props": Object {
        "children": Array [
          <Nav />,
          <div
            id="header-content-container"
          >
            <div
              id="header-avatar"
            >
              <img
                alt="Circle image of middle aged man smiling on opaque palm tree gradient background."
                sizes="(max-width: 630px) 150px, 250px"
                src="http://res.cloudinary.com/makeshift3ds/image/upload/makeshift-header-avatar_omdbug.jpg"
                srcSet=" http://res.cloudinary.com/makeshift3ds/image/upload/w_150/makeshift-header-avatar_omdbug.jpg 150w, http://res.cloudinary.com/makeshift3ds/image/upload/w_250/makeshift-header-avatar_omdbug.jpg 250w"
              />
            </div>
            <div
              className="header-content"
            >
              Full Stack Engineer / Designer
            </div>
          </div>,
        ],
      },
      "ref": null,
      "rendered": Array [
        Object {
          "instance": null,
          "key": undefined,
          "nodeType": "function",
          "props": Object {},
          "ref": null,
          "rendered": null,
          "type": [Function],
        },
        Object {
          "instance": null,
          "key": undefined,
          "nodeType": "host",
          "props": Object {
            "children": Array [
              <div
                id="header-avatar"
              >
                <img
                  alt="Circle image of middle aged man smiling on opaque palm tree gradient background."
                  sizes="(max-width: 630px) 150px, 250px"
                  src="http://res.cloudinary.com/makeshift3ds/image/upload/makeshift-header-avatar_omdbug.jpg"
                  srcSet=" http://res.cloudinary.com/makeshift3ds/image/upload/w_150/makeshift-header-avatar_omdbug.jpg 150w, http://res.cloudinary.com/makeshift3ds/image/upload/w_250/makeshift-header-avatar_omdbug.jpg 250w"
                />
              </div>,
              <div
                className="header-content"
              >
                Full Stack Engineer / Designer
              </div>,
            ],
            "id": "header-content-container",
          },
          "ref": null,
          "rendered": Array [
            Object {
              "instance": null,
              "key": undefined,
              "nodeType": "host",
              "props": Object {
                "children": <img
                  alt="Circle image of middle aged man smiling on opaque palm tree gradient background."
                  sizes="(max-width: 630px) 150px, 250px"
                  src="http://res.cloudinary.com/makeshift3ds/image/upload/makeshift-header-avatar_omdbug.jpg"
                  srcSet=" http://res.cloudinary.com/makeshift3ds/image/upload/w_150/makeshift-header-avatar_omdbug.jpg 150w, http://res.cloudinary.com/makeshift3ds/image/upload/w_250/makeshift-header-avatar_omdbug.jpg 250w"
                />,
                "id": "header-avatar",
              },
              "ref": null,
              "rendered": Object {
                "instance": null,
                "key": undefined,
                "nodeType": "host",
                "props": Object {
                  "alt": "Circle image of middle aged man smiling on opaque palm tree gradient background.",
                  "sizes": "(max-width: 630px) 150px, 250px",
                  "src": "http://res.cloudinary.com/makeshift3ds/image/upload/makeshift-header-avatar_omdbug.jpg",
                  "srcSet": " http://res.cloudinary.com/makeshift3ds/image/upload/w_150/makeshift-header-avatar_omdbug.jpg 150w, http://res.cloudinary.com/makeshift3ds/image/upload/w_250/makeshift-header-avatar_omdbug.jpg 250w",
                },
                "ref": null,
                "rendered": null,
                "type": "img",
              },
              "type": "div",
            },
            Object {
              "instance": null,
              "key": undefined,
              "nodeType": "host",
              "props": Object {
                "children": "Full Stack Engineer / Designer",
                "className": "header-content",
              },
              "ref": null,
              "rendered": "Full Stack Engineer / Designer",
              "type": "div",
            },
          ],
          "type": "div",
        },
      ],
      "type": "header",
    },
  ],
  Symbol(enzyme.__options__): Object {
    "adapter": ReactSixteenAdapter {
      "options": Object {
        "enableComponentDidUpdateOnSetState": true,
      },
    },
  },
}
`;
